robot@robot-test:~/crazyflie/esp32s3_ai_deck/esp32s3_ai_deck_allinone$ idf.py -p /dev/ttyACM0 flash 
Executing action: flash
Running ninja in directory /home/robot/crazyflie/esp32s3_ai_deck/esp32s3_ai_deck_allinone/build
Executing "ninja flash"...
[1/5] cd /home/robot/crazyflie/esp32s3_ai_deck/esp32s..._ai_deck_allinone/build/esp32s3_eye_ov2640_stream.bin
esp32s3_eye_ov2640_stream.bin binary size 0x17ccc0 bytes. Smallest app partition is 0x300000 bytes. 0x183340 bytes (50%) free.
[1/1] cd /home/robot/crazyflie/esp32s3_ai_deck/esp32s...32s3_ai_deck_allinone/build/bootloader/bootloader.bin
Bootloader binary size 0x5490 bytes. 0x2b70 bytes (34%) free.
[4/5] cd /home/robot/.espressif/v5.2.6/esp-idf/compon...6/esp-idf/components/esptool_py/run_serial_tool.cmake
esptool.py --chip esp32s3 -p /dev/ttyACM0 -b 460800 --before=default_reset --after=hard_reset write_flash --flash_mode dio --flash_freq 80m --flash_size 8MB 0x0 bootloader/bootloader.bin 0x10000 esp32s3_eye_ov2640_stream.bin 0x8000 partition_table/partition-table.bin
esptool.py v4.11.0
Serial port /dev/ttyACM0
Connecting...
Chip is ESP32-S3 (QFN56) (revision v0.2)
Features: WiFi, BLE, Embedded PSRAM 8MB (AP_3v3)
Crystal is 40MHz
USB mode: USB-Serial/JTAG
MAC: 30:ed:a0:1f:28:48
Uploading stub...
Running stub...
Stub running...
Changing baud rate to 460800
Changed.
Configuring flash size...
Flash will be erased from 0x00000000 to 0x00005fff...
Flash will be erased from 0x00010000 to 0x0018cfff...
Flash will be erased from 0x00008000 to 0x00008fff...
SHA digest in image updated
Compressed 21648 bytes to 13313...
Writing at 0x00000000... (100 %)
Wrote 21648 bytes (13313 compressed) at 0x00000000 in 0.2 seconds (effective 842.5 kbit/s)...
Hash of data verified.
Compressed 1559744 bytes to 1059047...
Writing at 0x00189015... (100 %)
Wrote 1559744 bytes (1059047 compressed) at 0x00010000 in 8.3 seconds (effective 1498.5 kbit/s)...
Hash of data verified.
Compressed 3072 bytes to 105...
Writing at 0x00008000... (100 %)
Wrote 3072 bytes (105 compressed) at 0x00008000 in 0.0 seconds (effective 1126.8 kbit/s)...
Hash of data verified.

Leaving...
Hard resetting via RTS pin...
Done
