robot@robot-test:~/crazyflie/esp32s3_ai_deck/esp32s3_ai_deck_allinone$ idf.py build
Executing action: all (aliases: build)
Running cmake in directory /home/robot/crazyflie/esp32s3_ai_deck/esp32s3_ai_deck_allinone/build
Executing "cmake -G Ninja -DPYTHON_DEPS_CHECKED=1 -DPYTHON=/home/robot/.espressif/tools/python/v5.2.6/venv/bin/python -DESP_PLATFORM=1 -DCCACHE_ENABLE=0 /home/robot/crazyflie/esp32s3_ai_deck/esp32s3_ai_deck_allinone"...
-- IDF_TARGET is not set, guessed 'esp32s3' from sdkconfig '/home/robot/crazyflie/esp32s3_ai_deck/esp32s3_ai_deck_allinone/sdkconfig'
-- Found Git: /usr/bin/git (found version "2.34.1")
-- Component directory /home/robot/.espressif/v5.2.6/esp-idf/components/esp_vfs_console does not contain a CMakeLists.txt file. No component will be added
-- The C compiler identification is GNU 13.2.0
-- The CXX compiler identification is GNU 13.2.0
-- The ASM compiler identification is GNU
-- Found assembler: /home/robot/.espressif/tools/xtensa-esp-elf/esp-13.2.0_20250707/xtensa-esp-elf/bin/xtensa-esp32s3-elf-gcc
-- Detecting C compiler ABI info
-- Detecting C compiler ABI info - done
-- Check for working C compiler: /home/robot/.espressif/tools/xtensa-esp-elf/esp-13.2.0_20250707/xtensa-esp-elf/bin/xtensa-esp32s3-elf-gcc - skipped
-- Detecting C compile features
-- Detecting C compile features - done
-- Detecting CXX compiler ABI info
-- Detecting CXX compiler ABI info - done
-- Check for working CXX compiler: /home/robot/.espressif/tools/xtensa-esp-elf/esp-13.2.0_20250707/xtensa-esp-elf/bin/xtensa-esp32s3-elf-g++ - skipped
-- Detecting CXX compile features
-- Detecting CXX compile features - done
-- Building ESP-IDF components for target esp32s3
NOTICE: 
Following dependencies have new versions available:
Dependency "espressif/esp32-camera": "2.1.2" -> "2.1.6"
Dependency "espressif/esp_codec_dev": "1.5.2" -> "1.5.7"
Dependency "espressif/esp_lcd_touch": "1.1.2" -> "1.2.1"
Dependency "espressif/esp_lcd_touch_tt21100": "1.1.1" -> "1.2.0~1"
Consider running "idf.py update-dependencies" to update your lock file.
NOTICE: Processing 10 dependencies:
NOTICE: [1/10] espressif/es8311 (1.0.0~1)
NOTICE: [2/10] espressif/esp-box (2.4.2)
NOTICE: [3/10] espressif/esp32-camera (2.1.2)
NOTICE: [4/10] espressif/esp_codec_dev (1.5.2)
NOTICE: [5/10] espressif/esp_jpeg (1.3.1)
NOTICE: [6/10] espressif/esp_lcd_touch (1.1.2)
NOTICE: [7/10] espressif/esp_lcd_touch_tt21100 (1.1.1)
NOTICE: [8/10] espressif/esp_lvgl_port (1.4.0)
NOTICE: [9/10] lvgl/lvgl (8.4.0)
NOTICE: [10/10] idf (5.2.6)
-- Project sdkconfig file /home/robot/crazyflie/esp32s3_ai_deck/esp32s3_ai_deck_allinone/sdkconfig
Loading defaults file /home/robot/crazyflie/esp32s3_ai_deck/esp32s3_ai_deck_allinone/sdkconfig.defaults...
-- Compiler supported targets: xtensa-esp-elf
-- Looking for sys/types.h
-- Looking for sys/types.h - found
-- Looking for stdint.h
-- Looking for stdint.h - found
-- Looking for stddef.h
-- Looking for stddef.h - found
-- Check size of time_t
-- Check size of time_t - done
-- Found Python3: /home/robot/.espressif/tools/python/v5.2.6/venv/bin/python (found version "3.14.3") found components: Interpreter
-- Performing Test CMAKE_HAVE_LIBC_PTHREAD
-- Performing Test CMAKE_HAVE_LIBC_PTHREAD - Success
-- Found Threads: TRUE
-- Performing Test C_COMPILER_SUPPORTS_WFORMAT_SIGNEDNESS
-- Performing Test C_COMPILER_SUPPORTS_WFORMAT_SIGNEDNESS - Success
-- USING O3
-- App "esp32s3_eye_ov2640_stream" version: dc9359d-dirty
-- Adding linker script /home/robot/crazyflie/esp32s3_ai_deck/esp32s3_ai_deck_allinone/build/esp-idf/esp_system/ld/memory.ld
-- Adding linker script /home/robot/crazyflie/esp32s3_ai_deck/esp32s3_ai_deck_allinone/build/esp-idf/esp_system/ld/sections.ld.in
-- Adding linker script /home/robot/.espressif/v5.2.6/esp-idf/components/esp_rom/esp32s3/ld/esp32s3.rom.ld
-- Adding linker script /home/robot/.espressif/v5.2.6/esp-idf/components/esp_rom/esp32s3/ld/esp32s3.rom.api.ld
-- Adding linker script /home/robot/.espressif/v5.2.6/esp-idf/components/esp_rom/esp32s3/ld/esp32s3.rom.bt_funcs.ld
-- Adding linker script /home/robot/.espressif/v5.2.6/esp-idf/components/esp_rom/esp32s3/ld/esp32s3.rom.libgcc.ld
-- Adding linker script /home/robot/.espressif/v5.2.6/esp-idf/components/esp_rom/esp32s3/ld/esp32s3.rom.newlib.ld
-- Adding linker script /home/robot/.espressif/v5.2.6/esp-idf/components/esp_rom/esp32s3/ld/esp32s3.rom.version.ld
-- Adding linker script /home/robot/.espressif/v5.2.6/esp-idf/components/esp_rom/esp32s3/ld/esp32s3.rom.ble_master.ld
-- Adding linker script /home/robot/.espressif/v5.2.6/esp-idf/components/esp_rom/esp32s3/ld/esp32s3.rom.ble_50.ld
-- Adding linker script /home/robot/.espressif/v5.2.6/esp-idf/components/esp_rom/esp32s3/ld/esp32s3.rom.ble_smp.ld
-- Adding linker script /home/robot/.espressif/v5.2.6/esp-idf/components/esp_rom/esp32s3/ld/esp32s3.rom.ble_dtm.ld
-- Adding linker script /home/robot/.espressif/v5.2.6/esp-idf/components/esp_rom/esp32s3/ld/esp32s3.rom.ble_test.ld
-- Adding linker script /home/robot/.espressif/v5.2.6/esp-idf/components/esp_rom/esp32s3/ld/esp32s3.rom.ble_scan.ld
-- Adding linker script /home/robot/.espressif/v5.2.6/esp-idf/components/soc/esp32s3/ld/esp32s3.peripherals.ld
-- Components: app_trace app_update bootloader bootloader_support bt cmock console cxx driver efuse esp-tls esp_adc esp_app_format esp_bootloader_format esp_coex esp_common esp_eth esp_event esp_gdbstub esp_hid esp_http_client esp_http_server esp_https_ota esp_https_server esp_hw_support esp_lcd esp_local_ctrl esp_mm esp_netif esp_netif_stack esp_partition esp_phy esp_pm esp_psram esp_ringbuf esp_rom esp_system esp_timer esp_wifi espcoredump espressif__es8311 espressif__esp-box espressif__esp32-camera espressif__esp_codec_dev espressif__esp_jpeg espressif__esp_lcd_touch espressif__esp_lcd_touch_tt21100 espressif__esp_lvgl_port esptool_py fatfs freertos hal heap http_parser idf_test ieee802154 json log lvgl__lvgl lwip main mbedtls mqtt newlib nvs_flash nvs_sec_provider openthread partition_table perfmon protobuf-c protocomm pthread sdmmc soc spi_flash spiffs tcp_transport touch_element ulp unity usb vfs wear_levelling wifi_provisioning wpa_supplicant xtensa
-- Component paths: /home/robot/.espressif/v5.2.6/esp-idf/components/app_trace /home/robot/.espressif/v5.2.6/esp-idf/components/app_update /home/robot/.espressif/v5.2.6/esp-idf/components/bootloader /home/robot/.espressif/v5.2.6/esp-idf/components/bootloader_support /home/robot/.espressif/v5.2.6/esp-idf/components/bt /home/robot/.espressif/v5.2.6/esp-idf/components/cmock /home/robot/.espressif/v5.2.6/esp-idf/components/console /home/robot/.espressif/v5.2.6/esp-idf/components/cxx /home/robot/.espressif/v5.2.6/esp-idf/components/driver /home/robot/.espressif/v5.2.6/esp-idf/components/efuse /home/robot/.espressif/v5.2.6/esp-idf/components/esp-tls /home/robot/.espressif/v5.2.6/esp-idf/components/esp_adc /home/robot/.espressif/v5.2.6/esp-idf/components/esp_app_format /home/robot/.espressif/v5.2.6/esp-idf/components/esp_bootloader_format /home/robot/.espressif/v5.2.6/esp-idf/components/esp_coex /home/robot/.espressif/v5.2.6/esp-idf/components/esp_common /home/robot/.espressif/v5.2.6/esp-idf/components/esp_eth /home/robot/.espressif/v5.2.6/esp-idf/components/esp_event /home/robot/.espressif/v5.2.6/esp-idf/components/esp_gdbstub /home/robot/.espressif/v5.2.6/esp-idf/components/esp_hid /home/robot/.espressif/v5.2.6/esp-idf/components/esp_http_client /home/robot/.espressif/v5.2.6/esp-idf/components/esp_http_server /home/robot/.espressif/v5.2.6/esp-idf/components/esp_https_ota /home/robot/.espressif/v5.2.6/esp-idf/components/esp_https_server /home/robot/.espressif/v5.2.6/esp-idf/components/esp_hw_support /home/robot/.espressif/v5.2.6/esp-idf/components/esp_lcd /home/robot/.espressif/v5.2.6/esp-idf/components/esp_local_ctrl /home/robot/.espressif/v5.2.6/esp-idf/components/esp_mm /home/robot/.espressif/v5.2.6/esp-idf/components/esp_netif /home/robot/.espressif/v5.2.6/esp-idf/components/esp_netif_stack /home/robot/.espressif/v5.2.6/esp-idf/components/esp_partition /home/robot/.espressif/v5.2.6/esp-idf/components/esp_phy /home/robot/.espressif/v5.2.6/esp-idf/components/esp_pm /home/robot/.espressif/v5.2.6/esp-idf/components/esp_psram /home/robot/.espressif/v5.2.6/esp-idf/components/esp_ringbuf /home/robot/.espressif/v5.2.6/esp-idf/components/esp_rom /home/robot/.espressif/v5.2.6/esp-idf/components/esp_system /home/robot/.espressif/v5.2.6/esp-idf/components/esp_timer /home/robot/.espressif/v5.2.6/esp-idf/components/esp_wifi /home/robot/.espressif/v5.2.6/esp-idf/components/espcoredump /home/robot/crazyflie/esp32s3_ai_deck/esp32s3_ai_deck_allinone/managed_components/espressif__es8311 /home/robot/crazyflie/esp32s3_ai_deck/esp32s3_ai_deck_allinone/managed_components/espressif__esp-box /home/robot/crazyflie/esp32s3_ai_deck/esp32s3_ai_deck_allinone/managed_components/espressif__esp32-camera /home/robot/crazyflie/esp32s3_ai_deck/esp32s3_ai_deck_allinone/managed_components/espressif__esp_codec_dev /home/robot/crazyflie/esp32s3_ai_deck/esp32s3_ai_deck_allinone/managed_components/espressif__esp_jpeg /home/robot/crazyflie/esp32s3_ai_deck/esp32s3_ai_deck_allinone/managed_components/espressif__esp_lcd_touch /home/robot/crazyflie/esp32s3_ai_deck/esp32s3_ai_deck_allinone/managed_components/espressif__esp_lcd_touch_tt21100 /home/robot/crazyflie/esp32s3_ai_deck/esp32s3_ai_deck_allinone/managed_components/espressif__esp_lvgl_port /home/robot/.espressif/v5.2.6/esp-idf/components/esptool_py /home/robot/.espressif/v5.2.6/esp-idf/components/fatfs /home/robot/.espressif/v5.2.6/esp-idf/components/freertos /home/robot/.espressif/v5.2.6/esp-idf/components/hal /home/robot/.espressif/v5.2.6/esp-idf/components/heap /home/robot/.espressif/v5.2.6/esp-idf/components/http_parser /home/robot/.espressif/v5.2.6/esp-idf/components/idf_test /home/robot/.espressif/v5.2.6/esp-idf/components/ieee802154 /home/robot/.espressif/v5.2.6/esp-idf/components/json /home/robot/.espressif/v5.2.6/esp-idf/components/log /home/robot/crazyflie/esp32s3_ai_deck/esp32s3_ai_deck_allinone/managed_components/lvgl__lvgl /home/robot/.espressif/v5.2.6/esp-idf/components/lwip /home/robot/crazyflie/esp32s3_ai_deck/esp32s3_ai_deck_allinone/main /home/robot/.espressif/v5.2.6/esp-idf/components/mbedtls /home/robot/.espressif/v5.2.6/esp-idf/components/mqtt /home/robot/.espressif/v5.2.6/esp-idf/components/newlib /home/robot/.espressif/v5.2.6/esp-idf/components/nvs_flash /home/robot/.espressif/v5.2.6/esp-idf/components/nvs_sec_provider /home/robot/.espressif/v5.2.6/esp-idf/components/openthread /home/robot/.espressif/v5.2.6/esp-idf/components/partition_table /home/robot/.espressif/v5.2.6/esp-idf/components/perfmon /home/robot/.espressif/v5.2.6/esp-idf/components/protobuf-c /home/robot/.espressif/v5.2.6/esp-idf/components/protocomm /home/robot/.espressif/v5.2.6/esp-idf/components/pthread /home/robot/.espressif/v5.2.6/esp-idf/components/sdmmc /home/robot/.espressif/v5.2.6/esp-idf/components/soc /home/robot/.espressif/v5.2.6/esp-idf/components/spi_flash /home/robot/.espressif/v5.2.6/esp-idf/components/spiffs /home/robot/.espressif/v5.2.6/esp-idf/components/tcp_transport /home/robot/.espressif/v5.2.6/esp-idf/components/touch_element /home/robot/.espressif/v5.2.6/esp-idf/components/ulp /home/robot/.espressif/v5.2.6/esp-idf/components/unity /home/robot/.espressif/v5.2.6/esp-idf/components/usb /home/robot/.espressif/v5.2.6/esp-idf/components/vfs /home/robot/.espressif/v5.2.6/esp-idf/components/wear_levelling /home/robot/.espressif/v5.2.6/esp-idf/components/wifi_provisioning /home/robot/.espressif/v5.2.6/esp-idf/components/wpa_supplicant /home/robot/.espressif/v5.2.6/esp-idf/components/xtensa
-- Configuring done (9.8s)
-- Generating done (0.2s)
-- Build files have been written to: /home/robot/crazyflie/esp32s3_ai_deck/esp32s3_ai_deck_allinone/build
Running ninja in directory /home/robot/crazyflie/esp32s3_ai_deck/esp32s3_ai_deck_allinone/build
Executing "ninja all"...
[13/1405] Generating ../../partition_table/partition-table.bin
Partition table binary generated. Contents:
*******************************************************************************
# ESP-IDF Partition Table
# Name, Type, SubType, Offset, Size, Flags
nvs,data,nvs,0x9000,24K,
phy_init,data,phy,0xf000,4K,
factory,app,factory,0x10000,3M,
*******************************************************************************
[1097/1405] Performing configure step for 'bootloader'
-- Found Git: /usr/bin/git (found version "2.34.1")
-- Component directory /home/robot/.espressif/v5.2.6/esp-idf/components/esp_vfs_console does not contain a CMakeLists.txt file. No component will be added
-- The C compiler identification is GNU 13.2.0
-- The CXX compiler identification is GNU 13.2.0
-- The ASM compiler identification is GNU
-- Found assembler: /home/robot/.espressif/tools/xtensa-esp-elf/esp-13.2.0_20250707/xtensa-esp-elf/bin/xtensa-esp32s3-elf-gcc
-- Detecting C compiler ABI info
-- Detecting C compiler ABI info - done
-- Check for working C compiler: /home/robot/.espressif/tools/xtensa-esp-elf/esp-13.2.0_20250707/xtensa-esp-elf/bin/xtensa-esp32s3-elf-gcc - skipped
-- Detecting C compile features
-- Detecting C compile features - done
-- Detecting CXX compiler ABI info
-- Detecting CXX compiler ABI info - done
-- Check for working CXX compiler: /home/robot/.espressif/tools/xtensa-esp-elf/esp-13.2.0_20250707/xtensa-esp-elf/bin/xtensa-esp32s3-elf-g++ - skipped
-- Detecting CXX compile features
-- Detecting CXX compile features - done
-- Building ESP-IDF components for target esp32s3
-- Project sdkconfig file /home/robot/crazyflie/esp32s3_ai_deck/esp32s3_ai_deck_allinone/sdkconfig
-- Compiler supported targets: xtensa-esp-elf
-- Looking for sys/types.h
-- Looking for sys/types.h - found
-- Looking for stdint.h
-- Looking for stdint.h - found
-- Looking for stddef.h
-- Looking for stddef.h - found
-- Check size of time_t
-- Check size of time_t - done
-- Adding linker script /home/robot/.espressif/v5.2.6/esp-idf/components/soc/esp32s3/ld/esp32s3.peripherals.ld
-- Bootloader project name: "bootloader" version: 1
-- Adding linker script /home/robot/.espressif/v5.2.6/esp-idf/components/esp_rom/esp32s3/ld/esp32s3.rom.ld
-- Adding linker script /home/robot/.espressif/v5.2.6/esp-idf/components/esp_rom/esp32s3/ld/esp32s3.rom.api.ld
-- Adding linker script /home/robot/.espressif/v5.2.6/esp-idf/components/esp_rom/esp32s3/ld/esp32s3.rom.bt_funcs.ld
-- Adding linker script /home/robot/.espressif/v5.2.6/esp-idf/components/esp_rom/esp32s3/ld/esp32s3.rom.libgcc.ld
-- Adding linker script /home/robot/.espressif/v5.2.6/esp-idf/components/esp_rom/esp32s3/ld/esp32s3.rom.newlib.ld
-- Adding linker script /home/robot/.espressif/v5.2.6/esp-idf/components/bootloader/subproject/main/ld/esp32s3/bootloader.ld
-- Adding linker script /home/robot/.espressif/v5.2.6/esp-idf/components/bootloader/subproject/main/ld/esp32s3/bootloader.rom.ld
-- Components: bootloader bootloader_support efuse esp_app_format esp_bootloader_format esp_common esp_hw_support esp_rom esp_system esptool_py freertos hal log main micro-ecc newlib partition_table soc spi_flash xtensa
-- Component paths: /home/robot/.espressif/v5.2.6/esp-idf/components/bootloader /home/robot/.espressif/v5.2.6/esp-idf/components/bootloader_support /home/robot/.espressif/v5.2.6/esp-idf/components/efuse /home/robot/.espressif/v5.2.6/esp-idf/components/esp_app_format /home/robot/.espressif/v5.2.6/esp-idf/components/esp_bootloader_format /home/robot/.espressif/v5.2.6/esp-idf/components/esp_common /home/robot/.espressif/v5.2.6/esp-idf/components/esp_hw_support /home/robot/.espressif/v5.2.6/esp-idf/components/esp_rom /home/robot/.espressif/v5.2.6/esp-idf/components/esp_system /home/robot/.espressif/v5.2.6/esp-idf/components/esptool_py /home/robot/.espressif/v5.2.6/esp-idf/components/freertos /home/robot/.espressif/v5.2.6/esp-idf/components/hal /home/robot/.espressif/v5.2.6/esp-idf/components/log /home/robot/.espressif/v5.2.6/esp-idf/components/bootloader/subproject/main /home/robot/.espressif/v5.2.6/esp-idf/components/bootloader/subproject/components/micro-ecc /home/robot/.espressif/v5.2.6/esp-idf/components/newlib /home/robot/.espressif/v5.2.6/esp-idf/components/partition_table /home/robot/.espressif/v5.2.6/esp-idf/components/soc /home/robot/.espressif/v5.2.6/esp-idf/components/spi_flash /home/robot/.espressif/v5.2.6/esp-idf/components/xtensa
-- Configuring done (3.9s)
-- Generating done (0.1s)
-- Build files have been written to: /home/robot/crazyflie/esp32s3_ai_deck/esp32s3_ai_deck_allinone/build/bootloader
[113/114] Generating binary image from built executable
esptool.py v4.11.0
Creating esp32s3 image...
Merged 2 ELF sections
Successfully created esp32s3 image.
Generated /home/robot/crazyflie/esp32s3_ai_deck/esp32s3_ai_deck_allinone/build/bootloader/bootloader.bin
[114/114] cd /home/robot/crazyflie/esp32s3_ai_deck/es...32s3_ai_deck_allinone/build/bootloader/bootloader.bin
Bootloader binary size 0x5490 bytes. 0x2b70 bytes (34%) free.
[1404/1405] Generating binary image from built executable
esptool.py v4.11.0
Creating esp32s3 image...
Merged 2 ELF sections
Successfully created esp32s3 image.
Generated /home/robot/crazyflie/esp32s3_ai_deck/esp32s3_ai_deck_allinone/build/esp32s3_eye_ov2640_stream.bin
[1405/1405] cd /home/robot/crazyflie/esp32s3_ai_deck/..._ai_deck_allinone/build/esp32s3_eye_ov2640_stream.bin
esp32s3_eye_ov2640_stream.bin binary size 0x17a470 bytes. Smallest app partition is 0x300000 bytes. 0x185b90 bytes (51%) free.

Project build complete. To flash, run:
 idf.py flash
or
 idf.py -p PORT flash
or
 python -m esptool --chip esp32s3 -b 460800 --before default_reset --after hard_reset write_flash --flash_mode dio --flash_size 8MB --flash_freq 80m 0x0 build/bootloader/bootloader.bin 0x8000 build/partition_table/partition-table.bin 0x10000 build/esp32s3_eye_ov2640_stream.bin
or from the "/home/robot/crazyflie/esp32s3_ai_deck/esp32s3_ai_deck_allinone/build" directory
 python -m esptool --chip esp32s3 -b 460800 --before default_reset --after hard_reset write_flash "@flash_args"
